###############################################################################
#
# IAR ELF Linker V8.20.2.14835/W32 for ARM                18/Sep/2020  17:19:53
# Copyright 2007-2017 IAR Systems AB.
#
#    Output file  =  C:\Users\Happy\Dropbox\test_20200614\Debug\Exe\test.out
#    Map file     =  C:\Users\Happy\Dropbox\test_20200614\Debug\List\test.map
#    Command line =  
#        -f C:\TEMP\EW5AED.tmp
#        (C:\Users\Happy\Dropbox\test_20200614\Debug\Obj\20200608E1.o
#        C:\Users\Happy\Dropbox\test_20200614\Debug\Obj\FRAM.o
#        C:\Users\Happy\Dropbox\test_20200614\Debug\Obj\GLCD.o
#        C:\Users\Happy\Dropbox\test_20200614\Debug\Obj\GuiObject.o
#        C:\Users\Happy\Dropbox\test_20200614\Debug\Obj\Gulim10_8x16_ASCII.o
#        C:\Users\Happy\Dropbox\test_20200614\Debug\Obj\Gulim20_16x34_ASCII.o
#        C:\Users\Happy\Dropbox\test_20200614\Debug\Obj\Gulim28_24x48_ASCII.o
#        C:\Users\Happy\Dropbox\test_20200614\Debug\Obj\Gulim7_6x10_ASCII.o
#        C:\Users\Happy\Dropbox\test_20200614\Debug\Obj\Gulim8_8x12_ASCII.o
#        C:\Users\Happy\Dropbox\test_20200614\Debug\Obj\ILI9163B.o
#        C:\Users\Happy\Dropbox\test_20200614\Debug\Obj\startup_stm32f40_41xxx.o
#        C:\Users\Happy\Dropbox\test_20200614\Debug\Obj\stm32f4xx_fsmc.o
#        C:\Users\Happy\Dropbox\test_20200614\Debug\Obj\stm32f4xx_gpio.o
#        C:\Users\Happy\Dropbox\test_20200614\Debug\Obj\stm32f4xx_rcc.o
#        C:\Users\Happy\Dropbox\test_20200614\Debug\Obj\stm32f4xx_spi.o
#        C:\Users\Happy\Dropbox\test_20200614\Debug\Obj\system_stm32f4xx.o
#        C:\Users\Happy\Dropbox\test_20200614\Debug\Obj\Util.o -o
#        C:\Users\Happy\Dropbox\test_20200614\Debug\Exe\test.out --map
#        C:\Users\Happy\Dropbox\test_20200614\Debug\List\test.map --config
#        C:\Users\Happy\Desktop\test\Libraries\stm32f4xx_flash.icf
#        --semihosting --entry __iar_program_start --vfe --text_out locale)
#
###############################################################################

*******************************************************************************
*** RUNTIME MODEL ATTRIBUTES
***

CppFlavor       = *
__SystemLibrary = DLib
__dlib_version  = 6


*******************************************************************************
*** HEAP SELECTION
***

The basic heap was selected because some modules are built with
size limitations (and not runtime checking), and --advanced_heap
was not specified.


*******************************************************************************
*** PLACEMENT SUMMARY
***

"A0":  place at 0x08000000 { ro section .intvec };
"P1":  place in [from 0x08000000 to 0x081fffff] { ro };
define block CSTACK with size = 1K, alignment = 8 { };
define block HEAP with size = 512, alignment = 8 { };
"P2":  place in [from 0x20000000 to 0x2002ffff] {
          rw, block CSTACK, block HEAP };
initialize by copy { rw };

  Section            Kind        Address    Size  Object
  -------            ----        -------    ----  ------
"A0":                                      0x188
  .intvec            ro code  0x08000000   0x188  startup_stm32f40_41xxx.o [1]
                            - 0x08000188   0x188

"P1":                                     0x27fc
  .text              ro code  0x08000188   0x9a8  20200608E1.o [1]
  .text              ro code  0x08000b30   0x4ca  GLCD.o [1]
  .text              ro code  0x08000ffc   0x328  FRAM.o [1]
  .text              ro code  0x08001324   0x480  ILI9163B.o [1]
  .text              ro code  0x080017a4    0x50  stm32f4xx_rcc.o [1]
  .text              ro code  0x080017f4    0xf8  stm32f4xx_gpio.o [1]
  .text              ro code  0x080018ec   0x15c  stm32f4xx_fsmc.o [1]
  .text              ro code  0x08001a48    0x3c  Util.o [1]
  .rodata            const    0x08001a84   0x600  Gulim8_8x12_ASCII.o [1]
  .rodata            const    0x08002084   0x500  Gulim7_6x10_ASCII.o [1]
  .text              ro code  0x08002584   0x154  system_stm32f4xx.o [1]
  .text              ro code  0x080026d8    0x38  packbits_init_single.o [5]
  .text              ro code  0x08002710    0x28  data_init.o [5]
  .text              ro code  0x08002738    0x22  fpinit_M.o [4]
  .iar.init_table    const    0x0800275c    0x10  - Linker created -
  .text              ro code  0x0800276c    0x1e  cmain.o [5]
  .text              ro code  0x0800278a     0x4  low_level_init.o [3]
  .text              ro code  0x0800278e     0x4  exit.o [3]
  .text              ro code  0x08002794     0xa  cexit.o [5]
  .text              ro code  0x080027a0    0x14  exit.o [6]
  .rodata            const    0x080027b4    0x14  20200608E1.o [1]
  .rodata            const    0x080027c8    0x10  20200608E1.o [1]
  .text              ro code  0x080027d8    0x10  startup_stm32f40_41xxx.o [1]
  .rodata            const    0x080027e8     0xc  20200608E1.o [1]
  .text              ro code  0x080027f4     0xc  cstartup_M.o [5]
  .text              ro code  0x08002800     0x4  startup_stm32f40_41xxx.o [1]
  .text              ro code  0x08002804     0x4  startup_stm32f40_41xxx.o [1]
  .text              ro code  0x08002808     0x4  startup_stm32f40_41xxx.o [1]
  .text              ro code  0x0800280c     0x4  startup_stm32f40_41xxx.o [1]
  .text              ro code  0x08002810     0x4  startup_stm32f40_41xxx.o [1]
  .text              ro code  0x08002814     0x4  startup_stm32f40_41xxx.o [1]
  .text              ro code  0x08002818     0x4  startup_stm32f40_41xxx.o [1]
  .text              ro code  0x0800281c     0x4  startup_stm32f40_41xxx.o [1]
  .text              ro code  0x08002820     0x4  startup_stm32f40_41xxx.o [1]
  .text              ro code  0x08002824     0x4  startup_stm32f40_41xxx.o [1]
  .text              ro code  0x08002828     0x4  startup_stm32f40_41xxx.o [1]
  .text              ro code  0x0800282c     0x4  startup_stm32f40_41xxx.o [1]
  .text              ro code  0x08002830     0x4  startup_stm32f40_41xxx.o [1]
  .text              ro code  0x08002834     0x4  startup_stm32f40_41xxx.o [1]
  .text              ro code  0x08002838     0x4  startup_stm32f40_41xxx.o [1]
  .text              ro code  0x0800283c     0x4  startup_stm32f40_41xxx.o [1]
  .text              ro code  0x08002840     0x4  startup_stm32f40_41xxx.o [1]
  .text              ro code  0x08002844     0x4  startup_stm32f40_41xxx.o [1]
  .text              ro code  0x08002848     0x4  startup_stm32f40_41xxx.o [1]
  .text              ro code  0x0800284c     0x4  startup_stm32f40_41xxx.o [1]
  .text              ro code  0x08002850     0x4  startup_stm32f40_41xxx.o [1]
  .text              ro code  0x08002854     0x4  startup_stm32f40_41xxx.o [1]
  .text              ro code  0x08002858     0x4  startup_stm32f40_41xxx.o [1]
  .text              ro code  0x0800285c     0x4  startup_stm32f40_41xxx.o [1]
  .text              ro code  0x08002860     0x4  startup_stm32f40_41xxx.o [1]
  .text              ro code  0x08002864     0x4  startup_stm32f40_41xxx.o [1]
  .text              ro code  0x08002868     0x4  startup_stm32f40_41xxx.o [1]
  .text              ro code  0x0800286c     0x4  startup_stm32f40_41xxx.o [1]
  .text              ro code  0x08002870     0x4  startup_stm32f40_41xxx.o [1]
  .text              ro code  0x08002874     0x4  startup_stm32f40_41xxx.o [1]
  .text              ro code  0x08002878     0x4  startup_stm32f40_41xxx.o [1]
  .text              ro code  0x0800287c     0x4  startup_stm32f40_41xxx.o [1]
  .text              ro code  0x08002880     0x4  startup_stm32f40_41xxx.o [1]
  .text              ro code  0x08002884     0x4  startup_stm32f40_41xxx.o [1]
  .text              ro code  0x08002888     0x4  startup_stm32f40_41xxx.o [1]
  .text              ro code  0x0800288c     0x4  startup_stm32f40_41xxx.o [1]
  .text              ro code  0x08002890     0x4  startup_stm32f40_41xxx.o [1]
  .text              ro code  0x08002894     0x4  startup_stm32f40_41xxx.o [1]
  .text              ro code  0x08002898     0x4  startup_stm32f40_41xxx.o [1]
  .text              ro code  0x0800289c     0x4  startup_stm32f40_41xxx.o [1]
  .text              ro code  0x080028a0     0x4  startup_stm32f40_41xxx.o [1]
  .text              ro code  0x080028a4     0x4  startup_stm32f40_41xxx.o [1]
  .text              ro code  0x080028a8     0x4  startup_stm32f40_41xxx.o [1]
  .text              ro code  0x080028ac     0x4  startup_stm32f40_41xxx.o [1]
  .text              ro code  0x080028b0     0x4  startup_stm32f40_41xxx.o [1]
  .text              ro code  0x080028b4     0x4  startup_stm32f40_41xxx.o [1]
  .text              ro code  0x080028b8     0x4  startup_stm32f40_41xxx.o [1]
  .text              ro code  0x080028bc     0x4  startup_stm32f40_41xxx.o [1]
  .text              ro code  0x080028c0     0x4  startup_stm32f40_41xxx.o [1]
  .text              ro code  0x080028c4     0x4  startup_stm32f40_41xxx.o [1]
  .text              ro code  0x080028c8     0x4  startup_stm32f40_41xxx.o [1]
  .text              ro code  0x080028cc     0x4  startup_stm32f40_41xxx.o [1]
  .text              ro code  0x080028d0     0x4  startup_stm32f40_41xxx.o [1]
  .text              ro code  0x080028d4     0x4  startup_stm32f40_41xxx.o [1]
  .text              ro code  0x080028d8     0x4  startup_stm32f40_41xxx.o [1]
  .text              ro code  0x080028dc     0x4  startup_stm32f40_41xxx.o [1]
  .text              ro code  0x080028e0     0x4  startup_stm32f40_41xxx.o [1]
  .text              ro code  0x080028e4     0x4  startup_stm32f40_41xxx.o [1]
  .text              ro code  0x080028e8     0x4  startup_stm32f40_41xxx.o [1]
  .text              ro code  0x080028ec     0x4  startup_stm32f40_41xxx.o [1]
  .text              ro code  0x080028f0     0x4  startup_stm32f40_41xxx.o [1]
  .text              ro code  0x080028f4     0x4  startup_stm32f40_41xxx.o [1]
  .text              ro code  0x080028f8     0x4  startup_stm32f40_41xxx.o [1]
  .text              ro code  0x080028fc     0x4  startup_stm32f40_41xxx.o [1]
  .text              ro code  0x08002900     0x4  startup_stm32f40_41xxx.o [1]
  .text              ro code  0x08002904     0x4  startup_stm32f40_41xxx.o [1]
  .text              ro code  0x08002908     0x4  startup_stm32f40_41xxx.o [1]
  .text              ro code  0x0800290c     0x4  startup_stm32f40_41xxx.o [1]
  .text              ro code  0x08002910     0x4  startup_stm32f40_41xxx.o [1]
  .text              ro code  0x08002914     0x4  startup_stm32f40_41xxx.o [1]
  .text              ro code  0x08002918     0x4  startup_stm32f40_41xxx.o [1]
  .text              ro code  0x0800291c     0x4  startup_stm32f40_41xxx.o [1]
  .text              ro code  0x08002920     0x4  startup_stm32f40_41xxx.o [1]
  .text              ro code  0x08002924     0x4  startup_stm32f40_41xxx.o [1]
  .text              ro code  0x08002928     0x4  startup_stm32f40_41xxx.o [1]
  .text              ro code  0x0800292c     0x4  startup_stm32f40_41xxx.o [1]
  .text              ro code  0x08002930     0x4  startup_stm32f40_41xxx.o [1]
  .text              ro code  0x08002934     0x4  startup_stm32f40_41xxx.o [1]
  .text              ro code  0x08002938     0x4  startup_stm32f40_41xxx.o [1]
  .text              ro code  0x0800293c     0x4  startup_stm32f40_41xxx.o [1]
  .text              ro code  0x08002940     0x4  startup_stm32f40_41xxx.o [1]
  .text              ro code  0x08002944     0x4  startup_stm32f40_41xxx.o [1]
  .text              ro code  0x08002948     0x4  startup_stm32f40_41xxx.o [1]
  .text              ro code  0x0800294c     0x4  startup_stm32f40_41xxx.o [1]
  .text              ro code  0x08002950     0x4  startup_stm32f40_41xxx.o [1]
  .text              ro code  0x08002954     0x4  startup_stm32f40_41xxx.o [1]
  .text              ro code  0x08002958     0x4  startup_stm32f40_41xxx.o [1]
  .text              ro code  0x0800295c     0x4  startup_stm32f40_41xxx.o [1]
  .text              ro code  0x08002960     0x4  startup_stm32f40_41xxx.o [1]
  .text              ro code  0x08002964     0x4  startup_stm32f40_41xxx.o [1]
  .rodata            const    0x08002968     0x0  packbits_init_single.o [5]
  Initializer bytes  const    0x08002968    0x1c  <for P2-1>
                            - 0x08002984  0x27fc

"P2", part 1 of 2:                          0x3a
  P2-1                        0x20000000    0x3a  <Init block>
    .data            inited   0x20000000     0xc  Gulim7_6x10_ASCII.o [1]
    .data            inited   0x2000000c     0xc  Gulim8_8x12_ASCII.o [1]
    .bss             inited   0x20000018     0x4  20200608E1.o [1]
    .bss             inited   0x2000001c     0x4  20200608E1.o [1]
    .bss             inited   0x20000020     0x4  GLCD.o [1]
    .bss             inited   0x20000024     0x4  GLCD.o [1]
    .bss             inited   0x20000028     0x4  GLCD.o [1]
    .bss             inited   0x2000002c     0x4  GLCD.o [1]
    .bss             inited   0x20000030     0x4  GLCD.o [1]
    .data            inited   0x20000034     0x1  20200608E1.o [1]
    .data            inited   0x20000035     0x1  20200608E1.o [1]
    .data            inited   0x20000036     0x1  20200608E1.o [1]
    .bss             inited   0x20000037     0x1  20200608E1.o [1]
    .bss             inited   0x20000038     0x1  20200608E1.o [1]
    .bss             inited   0x20000039     0x1  20200608E1.o [1]
                            - 0x2000003a    0x3a

"P2", part 2 of 2:                         0x400
  CSTACK                      0x20000040   0x400  <Block>
    CSTACK           uninit   0x20000040   0x400  <Block tail>
                            - 0x20000440   0x400


*******************************************************************************
*** INIT TABLE
***

          Address     Size
          -------     ----
Copy/packbits (__iar_packbits_init_single3)
    1 source range, total size 0x1c (48% of destination):
          0x08002968  0x1c
    1 destination range, total size 0x3a:
          0x20000000  0x3a



*******************************************************************************
*** MODULE SUMMARY
***

    Module                    ro code  ro data  rw data
    ------                    -------  -------  -------
C:\Users\Happy\Dropbox\test_20200614\Debug\Obj: [1]
    20200608E1.o                2 472       55       14
    FRAM.o                        808
    GLCD.o                      1 226       10       20
    Gulim7_6x10_ASCII.o                  1 285       12
    Gulim8_8x12_ASCII.o                  1 542       12
    ILI9163B.o                  1 152
    Util.o                         60
    startup_stm32f40_41xxx.o      768
    stm32f4xx_fsmc.o              348
    stm32f4xx_gpio.o              248
    stm32f4xx_rcc.o                80
    system_stm32f4xx.o            340
    ---------------------------------------------------
    Total:                      7 502    2 892       58

command line: [2]
    ---------------------------------------------------
    Total:

dl7M_tln.a: [3]
    exit.o                          4
    low_level_init.o                4
    ---------------------------------------------------
    Total:                          8

m7M_tls.a: [4]
    fpinit_M.o                     34
    ---------------------------------------------------
    Total:                         34

rt7M_tl.a: [5]
    cexit.o                        10
    cmain.o                        30
    cstartup_M.o                   12
    data_init.o                    40
    packbits_init_single.o         56
    ---------------------------------------------------
    Total:                        148

shb_l.a: [6]
    exit.o                         20
    ---------------------------------------------------
    Total:                         20

    Gaps                            6        2
    Linker created                          16    1 024
-------------------------------------------------------
    Grand Total:                7 718    2 910    1 082


*******************************************************************************
*** ENTRY LIST
***

Entry                      Address   Size  Type      Object
-----                      -------   ----  ----      ------
.iar.init_table$$Base   0x0800275c          --   Gb  - Linker created -
.iar.init_table$$Limit  0x0800276c          --   Gb  - Linker created -
?main                   0x0800276d         Code  Gb  cmain.o [5]
Arrival_6_Flag          0x20000037    0x1  Data  Gb  20200608E1.o [1]
BEEP                    0x0800097b   0x22  Code  Gb  20200608E1.o [1]
CSTACK$$Base            0x20000040          --   Gb  - Linker created -
CSTACK$$Limit           0x20000440          --   Gb  - Linker created -
Current_F               0x20000034    0x1  Data  Gb  20200608E1.o [1]
DelayMS                 0x0800099d   0x20  Code  Gb  20200608E1.o [1]
DelayUS                 0x080009bd   0x1c  Code  Gb  20200608E1.o [1]
DisplayInitScreen       0x08000833   0xf4  Code  Gb  20200608E1.o [1]
Do_BEEP                 0x08000a65   0x46  Code  Gb  20200608E1.o [1]
Down_Flag               0x20000038    0x1  Data  Gb  20200608E1.o [1]
Draw_Arrow              0x080003e5  0x110  Code  Gb  20200608E1.o [1]
EXTI15_10_IRQHandler    0x080007fb   0x38  Code  Gb  20200608E1.o [1]
FSMC_GPIO_Config        0x0800136b  0x10c  Code  Gb  ILI9163B.o [1]
FSMC_LCD_Init           0x08001477   0x7a  Code  Gb  ILI9163B.o [1]
FSMC_NORSRAMCmd         0x08001a03   0x34  Code  Gb  stm32f4xx_fsmc.o [1]
FSMC_NORSRAMInit        0x080018ed  0x116  Code  Gb  stm32f4xx_fsmc.o [1]
Floor_Calculation       0x080004f5  0x1e6  Code  Gb  20200608E1.o [1]
Fram_Init               0x0800101b  0x1aa  Code  Gb  FRAM.o [1]
Fram_Latch              0x080011c5   0x22  Code  Gb  FRAM.o [1]
Fram_Read               0x080012a1   0x58  Code  Gb  FRAM.o [1]
Fram_Status_Config      0x080011e7   0x5c  Code  Gb  FRAM.o [1]
Fram_Write              0x08001243   0x5e  Code  Gb  FRAM.o [1]
GPIO_Init               0x080017f5   0xa4  Code  Gb  stm32f4xx_gpio.o [1]
GPIO_PinAFConfig        0x08001899   0x54  Code  Gb  stm32f4xx_gpio.o [1]
Gulim7                  0x20000000    0xc  Data  Gb  Gulim7_6x10_ASCII.o [1]
Gulim7_6x10             0x08002084  0x500  Data  Gb  Gulim7_6x10_ASCII.o [1]
Gulim8                  0x2000000c    0xc  Data  Gb  Gulim8_8x12_ASCII.o [1]
Gulim8_8x12             0x08001a84  0x600  Data  Gb  Gulim8_8x12_ASCII.o [1]
ILI_Clear               0x08001771   0x34  Code  Gb  ILI9163B.o [1]
ILI_Init                0x080014f1  0x1d6  Code  Gb  ILI9163B.o [1]
ILI_SetDirection        0x08001745   0x2c  Code  Gb  ILI9163B.o [1]
ILI_SetWindow           0x080016e1   0x64  Code  Gb  ILI9163B.o [1]
ILI_WRITE_END           0x08001361    0xa  Code  Gb  ILI9163B.o [1]
ILI_WRITE_RGB           0x0800133f   0x22  Code  Gb  ILI9163B.o [1]
ILI_WRITE_START         0x08001335    0xa  Code  Gb  ILI9163B.o [1]
ILI_WriteCmd            0x08001325    0x8  Code  Lc  ILI9163B.o [1]
ILI_WriteData           0x0800132d    0x8  Code  Lc  ILI9163B.o [1]
KEY_Scan                0x08000927   0x54  Code  Gb  20200608E1.o [1]
LCD_BkColor             0x20000024    0x4  Data  Gb  GLCD.o [1]
LCD_BrushColor          0x20000028    0x4  Data  Gb  GLCD.o [1]
LCD_Clear               0x08000f7f    0x8  Code  Gb  GLCD.o [1]
LCD_DisplayChar         0x08000fa1   0x2e  Code  Gb  GLCD.o [1]
LCD_DisplayText         0x08000fcf   0x2c  Code  Gb  GLCD.o [1]
LCD_DrawChar            0x08000ba5   0xbe  Code  Gb  GLCD.o [1]
LCD_DrawFillRect        0x08000d59   0x40  Code  Gb  GLCD.o [1]
LCD_DrawHorLine         0x08000c99   0x3a  Code  Gb  GLCD.o [1]
LCD_DrawLine            0x08000dc1  0x1be  Code  Gb  GLCD.o [1]
LCD_DrawPixel           0x08000d99   0x28  Code  Gb  GLCD.o [1]
LCD_DrawRectangle       0x08000d0b   0x4e  Code  Gb  GLCD.o [1]
LCD_DrawText            0x08000c63   0x36  Code  Gb  GLCD.o [1]
LCD_DrawVerLine         0x08000cd3   0x38  Code  Gb  GLCD.o [1]
LCD_GetFont             0x08000b59    0x8  Code  Gb  GLCD.o [1]
LCD_Init                0x08000b61   0x44  Code  Gb  GLCD.o [1]
LCD_PenColor            0x20000030    0x4  Data  Gb  GLCD.o [1]
LCD_SetBackColor        0x08000b31    0x8  Code  Gb  GLCD.o [1]
LCD_SetBrushColor       0x08000b49    0x8  Code  Gb  GLCD.o [1]
LCD_SetFont             0x08000b51    0x8  Code  Gb  GLCD.o [1]
LCD_SetPenColor         0x08000b41    0x8  Code  Gb  GLCD.o [1]
LCD_SetTextColor        0x08000b39    0x8  Code  Gb  GLCD.o [1]
LCD_TextColor           0x2000002c    0x4  Data  Gb  GLCD.o [1]
LCD_pFont               0x20000020    0x4  Data  Gb  GLCD.o [1]
Mi_BEEP                 0x080009d9   0x46  Code  Gb  20200608E1.o [1]
Moving_F                0x20000036    0x1  Data  Gb  20200608E1.o [1]
RCC_AHB1PeriphClockCmd  0x080017a5   0x28  Code  Gb  stm32f4xx_rcc.o [1]
RCC_AHB3PeriphClockCmd  0x080017cd   0x20  Code  Gb  stm32f4xx_rcc.o [1]
Region$$Table$$Base     0x0800275c          --   Gb  - Linker created -
Region$$Table$$Limit    0x0800276c          --   Gb  - Linker created -
SPI2_Send               0x08000ffd   0x1e  Code  Gb  FRAM.o [1]
SelectMode              0x080001f5  0x1f0  Code  Gb  20200608E1.o [1]
SetSysClock             0x080025d7   0xce  Code  Lc  system_stm32f4xx.o [1]
So_BEEP                 0x08000a1f   0x46  Code  Gb  20200608E1.o [1]
SystemInit              0x08002585   0x52  Code  Gb  system_stm32f4xx.o [1]
Target_F                0x20000035    0x1  Data  Gb  20200608E1.o [1]
UTIL_DelayMS            0x08001a49   0x20  Code  Gb  Util.o [1]
UTIL_DelayUS            0x08001a69   0x1c  Code  Gb  Util.o [1]
_EXTI_Init              0x08000797   0x64  Code  Gb  20200608E1.o [1]
_GPIO_Init              0x080006e1   0xb6  Code  Gb  20200608E1.o [1]
__cmain                 0x0800276d         Code  Gb  cmain.o [5]
__exit                  0x080027a1   0x14  Code  Gb  exit.o [6]
__iar_data_init3        0x08002711   0x28  Code  Gb  data_init.o [5]
__iar_init_vfp          0x08002739         Code  Gb  fpinit_M.o [4]
__iar_packbits_init_single3
                        0x080026d9   0x38  Code  Gb  packbits_init_single.o [5]
__iar_program_start     0x080027f5         Code  Gb  cstartup_M.o [5]
__iar_systems$$module {Abs}
                        0x00000001         Data  Gb  command line/config [2]
__low_level_init        0x0800278b    0x4  Code  Gb  low_level_init.o [3]
__vector_table          0x08000000         Data  Gb  startup_stm32f40_41xxx.o [1]
_call_main              0x08002779         Code  Gb  cmain.o [5]
_exit                   0x08002795         Code  Gb  cexit.o [5]
_main                   0x08002787         Code  Gb  cmain.o [5]
exit                    0x0800278f    0x4  Code  Gb  exit.o [3]
i                       0x20000018    0x4  Data  Gb  20200608E1.o [1]
j                       0x2000001c    0x4  Data  Gb  20200608E1.o [1]
key_flag                0x20000039    0x1  Data  Gb  20200608E1.o [1]
main                    0x08000189   0x6c  Code  Gb  20200608E1.o [1]


[1] = C:\Users\Happy\Dropbox\test_20200614\Debug\Obj
[2] = command line
[3] = dl7M_tln.a
[4] = m7M_tls.a
[5] = rt7M_tl.a
[6] = shb_l.a

  7 718 bytes of readonly  code memory
  2 910 bytes of readonly  data memory
  1 082 bytes of readwrite data memory

Errors: none
Warnings: none
